// Jest Snapshot v1, https://goo.gl/fbAQLP

exports[`rendering should render something 1`] = `null`;
