// Jest Snapshot v1, https://goo.gl/fbAQLP

exports[`route register attach 1`] = `
Object {
  "createChildRoute": [Function],
}
`;
