// Jest Snapshot v1, https://goo.gl/fbAQLP

exports[`actionCreators auto-init actionCreator logoutActionCreator 1`] = `Object {}`;
